[www.esrl.noaa.gov/index.html]
[backblue.gif]
[fade.gif]
[index.html]
[www.esrl.noaa.gov/css/bootstrap.min.css]
[www.esrl.noaa.gov/css/esrl.css]
[www.esrl.noaa.gov/css/fontawesome-5.8.1/css/all.css]
[code.jquery.com/jquery-3.2.1.slim.min.js]
[www.esrl.noaa.gov/css/fontawesome-5.8.1/js/all.js]
[www.esrl.noaa.gov/js/jquery.cookie.js]
[cdnjs.cloudflare.com/ajax/libs/popper.js/1.12.9/umd/popper.min.js]
[maxcdn.bootstrapcdn.com/bootstrap/4.0.0/js/bootstrap.min.js]
[www.esrl.noaa.gov/favicon.png]
[www.esrl.noaa.gov/img/noaa-logo.png]
[www.esrl.noaa.gov/about/jobs.html]
[www.esrl.noaa.gov/about/visiting.html]
[www.esrl.noaa.gov/about/nbdc.html]
[www.esrl.noaa.gov/news/2021/img/gml-horus-PXL_20210524_140945326.png]
[www.esrl.noaa.gov/research/index.html]
[www.esrl.noaa.gov/news/2021/img/psl-flickr-Denver_&_Front_Range_(Colorado,_USA)_8.png]
[www.esrl.noaa.gov/about/index.html]
[www.esrl.noaa.gov/calendar/index.html]
[www.esrl.noaa.gov/news/2021/img/csl-20210514_0.png]
[www.esrl.noaa.gov/research/reviews/index.html]
[www.esrl.noaa.gov/img/csl-noaa-p3-by-cires.png]
[www.esrl.noaa.gov/img/gml-south-pole-by-patrick-cullis-cires.png]
[www.esrl.noaa.gov/img/gsl-clouds-by-noaa-psl.png]
[www.esrl.noaa.gov/news/index.html]
[www.esrl.noaa.gov/outreach/index.html]
[www.esrl.noaa.gov/img/psl-lake-powell-by-bradley-udall.png]
[www.esrl.noaa.gov/index.html]
[www.esrl.noaa.gov/css/bootstrap.min.css]
[www.esrl.noaa.gov/css/esrl.css]
[www.esrl.noaa.gov/outreach/8th-grade-science-days/index.html]
[www.esrl.noaa.gov/contact/index.html]
[www.esrl.noaa.gov/staff/index.html]
[www.esrl.noaa.gov/survey/index.html]
[www.esrl.noaa.gov/css/fontawesome-5.8.1/webfonts/fa-brands-400.eot]
[www.esrl.noaa.gov/css/fontawesome-5.8.1/webfonts/fa-brands-400d41d.eot]
[www.esrl.noaa.gov/css/fontawesome-5.8.1/webfonts/fa-brands-400.woff2]
[www.esrl.noaa.gov/css/fontawesome-5.8.1/webfonts/fa-brands-400.woff]
[www.esrl.noaa.gov/css/fontawesome-5.8.1/webfonts/fa-brands-400.ttf]
[www.esrl.noaa.gov/css/fontawesome-5.8.1/webfonts/fa-regular-400.eot]
[www.esrl.noaa.gov/css/fontawesome-5.8.1/webfonts/fa-regular-400d41d.eot]
[www.esrl.noaa.gov/css/fontawesome-5.8.1/webfonts/fa-regular-400.woff2]
[www.esrl.noaa.gov/css/fontawesome-5.8.1/webfonts/fa-regular-400.woff]
[www.esrl.noaa.gov/css/fontawesome-5.8.1/webfonts/fa-regular-400.ttf]
[www.esrl.noaa.gov/css/fontawesome-5.8.1/webfonts/fa-solid-900.eot]
[www.esrl.noaa.gov/css/fontawesome-5.8.1/webfonts/fa-solid-900d41d.eot]
[www.esrl.noaa.gov/css/fontawesome-5.8.1/webfonts/fa-solid-900.woff2]
[www.esrl.noaa.gov/css/fontawesome-5.8.1/webfonts/fa-solid-900.woff]
[www.esrl.noaa.gov/css/fontawesome-5.8.1/webfonts/fa-solid-900.ttf]
[www.esrl.noaa.gov/css/fontawesome-5.8.1/css/all.css]
[www.esrl.noaa.gov/img/noaa_notext.svg]
[www.esrl.noaa.gov/img/goes-16-earthtop.400h.png]
[www.esrl.noaa.gov/about/index.html]
[www.esrl.noaa.gov/calendar/index.html]
[www.esrl.noaa.gov/about/jobs.html]
[www.esrl.noaa.gov/about/img/dsrc.png]
[www.esrl.noaa.gov/about/pdf/tour-noaa-boulder-all.pdf]
[www.esrl.noaa.gov/about/pdf/tour-history.pdf]
[www.esrl.noaa.gov/about/pdf/tour-carbonCycle.2c.delayed]
[www.esrl.noaa.gov/about/pdf/tour-nws.pdf]
[www.esrl.noaa.gov/about/pdf/tour-nighttimeLights.pdf]
[www.esrl.noaa.gov/about/pdf/tour-sos.pdf]
[www.esrl.noaa.gov/about/pdf/tour-swpc.pdf]
[www.esrl.noaa.gov/about/pdf/tour-windProfiler.pdf]
[www.esrl.noaa.gov/about/pdf/DIA-DSRC-map-071014.pdf]
[www.esrl.noaa.gov/about/img/dia-dsrc.png]
[www.esrl.noaa.gov/about/visiting.html]
[www.esrl.noaa.gov/about/img/nbdc/2019June8DSRC.jpg]
[www.esrl.noaa.gov/about/img/nbdc/NBDC chair label.png]
[www.esrl.noaa.gov/about/img/nbdc/NBDC ED label.png]
[www.esrl.noaa.gov/about/img/nbdc/CSL label.png]
[www.esrl.noaa.gov/about/img/nbdc/GSL label.png]
[www.esrl.noaa.gov/about/img/nbdc/GML label.png]
[www.esrl.noaa.gov/about/img/nbdc/PSL label.png]
[www.esrl.noaa.gov/about/img/nbdc/WFO label.png]
[www.esrl.noaa.gov/about/img/nbdc/SWPC label.png]
[www.esrl.noaa.gov/about/img/nbdc/NCEI label.png]
[www.esrl.noaa.gov/about/img/nbdc/NGS label.png]
[www.esrl.noaa.gov/about/img/nbdc/FOD label.png]
[www.esrl.noaa.gov/about/img/nbdc/NWave label.png]
[www.esrl.noaa.gov/about/img/nbdc/AGO_WAD_label.png]
[www.esrl.noaa.gov/about/img/nbdc/GSA label.png]
[www.esrl.noaa.gov/about/img/nbdc/Boulder Labs ED label.png]
[www.esrl.noaa.gov/about/nbdc.html]
[www.esrl.noaa.gov/research/index.html]
[www.esrl.noaa.gov/research/reviews/2010/index.html]
[www.esrl.noaa.gov/research/reviews/2008/index.html]
[www.esrl.noaa.gov/research/reviews/img/CSDRX-0250.png]
[www.esrl.noaa.gov/research/reviews/index.html]
[www.esrl.noaa.gov/csl/research/index.html]
[www.esrl.noaa.gov/news/2021/img/csl-20210514.png]
[www.esrl.noaa.gov/news/2021/img/csl-263_0808.png]
[www.esrl.noaa.gov/news/2021/img/gml-2019-MLO-4-Cobb-05242019.png]
[www.esrl.noaa.gov/news/2021/img/psl-pixabay-goran_horvat-rain-4195254.png]
[www.esrl.noaa.gov/news/2021/img/gsl-weatherModeling-img02.png]
[www.esrl.noaa.gov/news/2021/img/psl-mick-haupt-T0fJ_V1lcLw-unsplash.png]
[www.esrl.noaa.gov/news/2021/img/csl-304_0217.png]
[www.esrl.noaa.gov/news/2021/img/gml-ozone_concentration.png]
[www.esrl.noaa.gov/news/2020/img/psl-PI-LW-Forcing-TOA.png]
[www.esrl.noaa.gov/news/2020/img/csl-tierra-del-fuego-and-cape-horn-nasa.png]
[www.esrl.noaa.gov/news/2020/img/gsl-hrrr-smoke-transition.png]
[www.esrl.noaa.gov/news/2020/img/gml-4_Corners_methane_banner.png]
[www.esrl.noaa.gov/news/2020/img/psl-polar-vortex_earthnullschool.png]
[www.esrl.noaa.gov/news/2020/img/csl-noaa-tech-report.png]
[www.esrl.noaa.gov/news/2020/img/gml-2020week39_ozonesonde-Sept30th_01_ymakino.png]
[www.esrl.noaa.gov/news/2020/img/psl-noaa-yellowfin-tuna-jeff-muir.png]
[www.esrl.noaa.gov/news/2020/img/gsl-hrrr-smoke.png]
[www.esrl.noaa.gov/gsd/learn/hotitems/2020/flash_flood_and_intense_rainfall_experiment.html]
[www.esrl.noaa.gov/news/2020/img/gsl-flood_rainfall_experiment.png]
[www.esrl.noaa.gov/news/2020/img/gml-2019-Mauna-Loa-P1040025.Lumix.Cobb.png]
[www.esrl.noaa.gov/news/2020/img/csl-277_0602.png]
[www.esrl.noaa.gov/news/2020/img/psl-pixabay-David-Mark-farm-1596141_1920.png]
[www.esrl.noaa.gov/news/2020/name_change.html]
[www.esrl.noaa.gov/news/2020/img/flatirons-boulder-will-von-dauster.png]
[www.esrl.noaa.gov/news/2020/img/csl-2019hole1.png]
[www.esrl.noaa.gov/gsd/learn/hotitems/2020/30_years_of_weather_observations.html]
[www.esrl.noaa.gov/news/2020/img/gsl_john_brown_matt_kelsch.png]
[www.esrl.noaa.gov/news/2020/img/psd-dry-cornfield-1068491-pxhere.com.png]
[www.esrl.noaa.gov/gsd/learn/hotitems/2020/burlington_install_sos.html]
[www.esrl.noaa.gov/news/2020/img/gsd-burlington-International-airport.png]
[www.esrl.noaa.gov/news/2020/img/csd-Veres_ATom_banner.png]
[www.esrl.noaa.gov/news/._https_/www.esrl.noaa.gov/psd/news/2020/010920.html_]
[www.esrl.noaa.gov/news/2020/img/psd-atomic-webstory-banner.png]
[www.esrl.noaa.gov/news/2019/111319.html]
[www.esrl.noaa.gov/news/2019/img/2019-co-gov-award.png]
[www.esrl.noaa.gov/news/2019/img/csd-20-questions.png]
[www.esrl.noaa.gov/gsd/learn/hotitems/2019/new_gsd_director.html]
[www.esrl.noaa.gov/news/2019/img/gsd-mahoney-director.jpg]
[www.esrl.noaa.gov/news/2019/img/gmd-Balloon_launch2_09-09-19_Robert-Schwarz.png]
[www.esrl.noaa.gov/news/2019/img/rv-polarstern-alfred-wegener-institute.png]
[www.esrl.noaa.gov/gsd/learn/hotitems/2019/sos_explorer.html]
[www.esrl.noaa.gov/news/2019/img/gsd-sos_on_tablet.png]
[www.esrl.noaa.gov/news/2019/img/csd-262_0722.png]
[www.esrl.noaa.gov/news/2019/070819.html]
[www.esrl.noaa.gov/news/2019/img/esrl-pecase-2019.png]
[www.esrl.noaa.gov/news/2019/img/psd-Brazos-River-Texas-summer-drought-2011-Earl-Nottingham-Texas Parks-and-Wildlife-Dept.png]
[www.esrl.noaa.gov/news/2019/img/gmd-North-America-biosphere-carbon-uptake.png]
[www.esrl.noaa.gov/news/2019/img/flickr-cc-russian-river-ingrid-taylar.png]
[www.esrl.noaa.gov/news/2019/img/mauna-loa-observatory.png]
[www.esrl.noaa.gov/gsd/learn/hotitems/2019/fvcom.html]
[www.esrl.noaa.gov/news/2019/img/lake-effect-con00080.png]
[www.esrl.noaa.gov/news/2019/img/csd-earth-and-satellite.png]
[www.esrl.noaa.gov/news/2019/img/pixabay-rain-316579.png]
[www.esrl.noaa.gov/news/2018/img/csd-197_1102-2.400h.png]
[www.esrl.noaa.gov/news/2018/img/gsd-curtis-early-career-award.400h.png]
[www.esrl.noaa.gov/news/2018/img/psd-noaa-grays-sea-bass.400h.png]
[www.esrl.noaa.gov/news/2018/img/gmd-duane-kitzis-niwot-ridge.400h.png]
[www.esrl.noaa.gov/news/index.html]
[www.esrl.noaa.gov/outreach/index.html]
[www.esrl.noaa.gov/outreach/8th-grade-science-days/2020/img/Tsunami.png]
[www.esrl.noaa.gov/outreach/8th-grade-science-days/2020/pdf/1960-Tsunami.pdf]
[www.esrl.noaa.gov/outreach/8th-grade-science-days/2020/img/Air.png]
[www.esrl.noaa.gov/outreach/8th-grade-science-days/2020/pdf/Layers-of-the-Atmosphere.pdf]
[www.esrl.noaa.gov/outreach/8th-grade-science-days/2020/img/SOS.png]
[www.esrl.noaa.gov/outreach/8th-grade-science-days/2020/pdf/SOS-Explorer-scavenger-hunt.pdf]
[www.esrl.noaa.gov/outreach/8th-grade-science-days/2020/img/Weather_movies.png]
[www.esrl.noaa.gov/outreach/8th-grade-science-days/2020/pdf/Fact-to-Fiction.pdf]
[www.esrl.noaa.gov/outreach/8th-grade-science-days/2020/img/Mosaic.png]
[www.esrl.noaa.gov/outreach/8th-grade-science-days/2020/pdf/A-Year-in-the-Arctic.pdf]
[www.esrl.noaa.gov/outreach/8th-grade-science-days/2020/img/NOAA_Corps.png]
[www.esrl.noaa.gov/outreach/8th-grade-science-days/2020/pdf/NOAA-aircraft-and-ships.pdf]
[www.esrl.noaa.gov/outreach/8th-grade-science-days/2020/img/Sun.png]
[www.esrl.noaa.gov/outreach/8th-grade-science-days/2020/pdf/Space-Weather.pdf]
[www.esrl.noaa.gov/outreach/8th-grade-science-days/2020/img/NWS.png]
[www.esrl.noaa.gov/outreach/8th-grade-science-days/2020/pdf/Forecasting.pdf]
[www.esrl.noaa.gov/outreach/8th-grade-science-days/2020/pdf/Weather-in-the-World.pdf]
[www.esrl.noaa.gov/outreach/8th-grade-science-days/index.html]
[www.esrl.noaa.gov/contact/img/fahey-circle.png]
[www.esrl.noaa.gov/contact/David.W.Fahey@noaa.gov]
[www.esrl.noaa.gov/contact/img/zezula.png]
[www.esrl.noaa.gov/contact/img/stein.png]
[www.esrl.noaa.gov/contact/img/venema.png]
[www.esrl.noaa.gov/contact/img/butler.png]
[www.esrl.noaa.gov/contact/img/jennifer-mahoney.png]
[www.esrl.noaa.gov/contact/img/webb.png]
[www.esrl.noaa.gov/contact/Robert.S.Webb@noaa.gov]
[www.esrl.noaa.gov/contact/index.html]
[www.esrl.noaa.gov/staff/index.html]
[www.esrl.noaa.gov/survey/index.html]
[www.esrl.noaa.gov/css/fontawesome-5.8.1/webfonts/fa-brands-400.svg]
[www.esrl.noaa.gov/css/fontawesome-5.8.1/webfonts/fa-regular-400.svg]
[www.esrl.noaa.gov/css/fontawesome-5.8.1/webfonts/fa-solid-900.svg]
[www.esrl.noaa.gov/psd/dsrctour/index.html]
[www.esrl.noaa.gov/about/pdf/tour-carbonCycle.html]
[www.esrl.noaa.gov/csl/pubs/index.html]
[www.esrl.noaa.gov/csl/assessments/index.html]
[www.esrl.noaa.gov/csl/factsheets/index.html]
[www.esrl.noaa.gov/psd/events/2015/review/index.html]
[www.esrl.noaa.gov/gmd/review/index.html]
[www.esrl.noaa.gov/gsd/research/review/2015/index.html]
[www.esrl.noaa.gov/research/reviews/img/PSLReviewCover-Logo.png]
[www.esrl.noaa.gov/research/reviews/2010/documents/PSR_Agenda.pdf]
[www.esrl.noaa.gov/research/reviews/2010/documents/PSR_Reviewers_Guide.pdf]
[www.esrl.noaa.gov/gsd/index.html]
[www.esrl.noaa.gov/research/reviews/2010/documents/ESRL_Phys_Review_Final.pdf]
[www.esrl.noaa.gov/research/reviews/2010/documents/ESRL_Physical_Sciences_Review_-_Implementation_Plan_-_October_27,_2010.pdf]
[www.esrl.noaa.gov/research/reviews/2010/documents/2010-LabRev-Implementation-Plan-Actions_Completed-List_6-10-15.pdf]
[www.esrl.noaa.gov/research/reviews/2010/documents/ESRL_Physical_Sciences_Review_-_Final_Report_-__May_20,_2011.pdf]
[www.esrl.noaa.gov/research/reviews/2010/presentations/Intro_ Mclean.pdf]
[www.esrl.noaa.gov/research/reviews/2010/presentations/Intro_macdonald.pdf]
[www.esrl.noaa.gov/research/reviews/2010/presentations/intro_whitaker.pdf]
[www.esrl.noaa.gov/research/reviews/2010/presentations/Intro_lee.pdf]
[www.esrl.noaa.gov/research/reviews/2010/presentations/intro_neff.pdf]
[www.esrl.noaa.gov/research/reviews/2010/presentations/Intro_koch_O.pdf]
[www.esrl.noaa.gov/research/reviews/2010/presentations/1_fairall_o.pdf]
[www.esrl.noaa.gov/research/reviews/2010/presentations/1_fairall.pdf]
[www.esrl.noaa.gov/research/reviews/2010/presentations/1_sardeshmukh.pdf]
[www.esrl.noaa.gov/research/reviews/2010/index.html]
[www.esrl.noaa.gov/research/reviews/2008/index.html]
[www.esrl.noaa.gov/gsd/learn/hotitems/2020/flash_flood_and_intense_rainfall_experiment.html]
[www.esrl.noaa.gov/news/2020/name_change.html]
[www.esrl.noaa.gov/gsd/learn/hotitems/2020/30_years_of_weather_observations.html]
[www.esrl.noaa.gov/gsd/learn/hotitems/2020/burlington_install_sos.html]
[www.esrl.noaa.gov/news/._https_/www.esrl.noaa.gov/psd/news/2020/010920.html]
[www.esrl.noaa.gov/news/2019/111319.html]
[www.esrl.noaa.gov/gsd/learn/hotitems/2019/new_gsd_director.html]
[www.esrl.noaa.gov/gsd/learn/hotitems/2019/sos_explorer.html]
[www.esrl.noaa.gov/news/2019/070819.html]
[www.glerl.noaa.gov/pubs/brochures/LakeEffectSnow_Dec2016.gif]
[www.esrl.noaa.gov/gsd/learn/hotitems/2019/fvcom.html]
[www.esrl.noaa.gov/contact/David.W.Fahey@noaa.html]
[www.esrl.noaa.gov/contact/Robert.S.Webb@noaa.html]
[www.esrl.noaa.gov/csl/staff/index.html]
[www.esrl.noaa.gov/gml/staff/index.html]
[www.esrl.noaa.gov/gsl/staff/index.html]
[www.esrl.noaa.gov/psl/staff/index.html]
[www.esrl.noaa.gov/csl/projects/atom/index.html]
[www.esrl.noaa.gov/csl/projects/firex-aq/index.html]
[www.esrl.noaa.gov/csl/instruments/index.html]
[www.esrl.noaa.gov/gsd/research/review/2015/index.html]
[www.esrl.noaa.gov/gsd/index.html]
[www.esrl.noaa.gov/psd/index.html]
[www.esrl.noaa.gov/research/reviews/2010/presentations/1_newman.pdf]
[www.esrl.noaa.gov/research/reviews/2010/presentations/1_neiman.pdf]
[www.esrl.noaa.gov/research/reviews/2010/presentations/2_benjamin.pdf]
[www.esrl.noaa.gov/research/reviews/2010/presentations/1_wilczak_s.pdf]
[www.esrl.noaa.gov/research/reviews/2010/presentations/2_weygandt.pdf]
[www.esrl.noaa.gov/research/reviews/2010/presentations/2_grell.pdf]
[www.esrl.noaa.gov/research/reviews/2010/presentations/1_wilczak_s.pdf]
[www.esrl.noaa.gov/research/reviews/2010/presentations/2_benjamin.pdf]
[www.esrl.noaa.gov/research/reviews/2010/presentations/2_weygandt.pdf]
[www.esrl.noaa.gov/research/reviews/2010/presentations/2_grell.pdf]
[www.esrl.noaa.gov/research/reviews/2010/presentations/2_grell_alaska fires.mov]
[www.esrl.noaa.gov/research/reviews/2010/presentations/2_grell_dispersion.avi]
[www.esrl.noaa.gov/research/reviews/2010/presentations/2_schultz.pdf]
[www.esrl.noaa.gov/research/reviews/2010/presentations/2_govett.pdf]
[www.esrl.noaa.gov/research/reviews/2010/presentations/2_toth_S.pdf]
[www.esrl.noaa.gov/research/reviews/2010/presentations/3_dole_o.pdf]
[www.esrl.noaa.gov/research/reviews/2010/presentations/3_ralph.pdf]
[www.esrl.noaa.gov/research/reviews/2010/presentations/3_hoerling.pdf]
[www.esrl.noaa.gov/research/reviews/2010/presentations/3_averyt.pdf]
[www.esrl.noaa.gov/research/reviews/2010/presentations/3_pulwarty.pdf]
[www.esrl.noaa.gov/research/reviews/2010/presentations/3_webb_s.pdf]
[www.esrl.noaa.gov/research/reviews/2010/presentations/4_schranz.pdf]
[www.esrl.noaa.gov/research/reviews/2010/presentations/4_kraus.pdf]
[www.esrl.noaa.gov/research/reviews/2010/presentations/4_lefebvre.pdf]
[www.esrl.noaa.gov/research/reviews/2010/presentations/4_russell.pdf]
[www.esrl.noaa.gov/research/reviews/2010/presentations/4_hackathorn.pdf]
[www.esrl.noaa.gov/research/reviews/2010/presentations/4_mahoney.pdf]
[www.esrl.noaa.gov/research/reviews/2010/presentations/5a_moninger.pdf]
[www.esrl.noaa.gov/research/reviews/2010/presentations/5a_summers.pdf]
[www.esrl.noaa.gov/research/reviews/2010/presentations/5a_gutman.pdf]
[www.esrl.noaa.gov/research/reviews/2010/presentations/5a_brown.pdf]
[www.esrl.noaa.gov/research/reviews/2010/presentations/5b_dole_o.pdf]
[www.esrl.noaa.gov/research/reviews/2010/presentations/5b_uttal.pdf]
[www.esrl.noaa.gov/research/reviews/2010/presentations/5b_compo.pdf]
[www.esrl.noaa.gov/research/reviews/2010/presentations/5b_ralph_s.pdf]
[www.esrl.noaa.gov/research/reviews/2010/posters/1-1-Gary.Wick.pdf]
[www.esrl.noaa.gov/research/reviews/2010/posters/1-2-Michael.Alexander.pdf]
[www.esrl.noaa.gov/research/reviews/2010/posters/1-3-George.Kiladis.pdf]
[www.esrl.noaa.gov/research/reviews/2010/posters/1-4-Jeff.Hare.pdf]
[www.esrl.noaa.gov/research/reviews/2010/posters/1-5-Ryan.Spackman.pdf]
[www.esrl.noaa.gov/research/reviews/2010/posters/1-6-Jian-Wen.Bao.pdf]
[www.esrl.noaa.gov/research/reviews/2010/posters/1-7-Alexander.Voronovich.pdf]
[www.esrl.noaa.gov/research/reviews/2010/posters/1-8-Paul.Neiman.pdf]
[www.esrl.noaa.gov/research/reviews/2010/posters/1-9-Andrew.Ault.pdf]
[www.esrl.noaa.gov/research/reviews/2010/posters/1-10-Ola.Persson.pdf]
[www.esrl.noaa.gov/research/reviews/2010/posters/1-11-Isidora.Jankov.pdf]
[www.esrl.noaa.gov/research/reviews/2010/posters/1-12-Tanya.Smirnova.pdf]
[www.esrl.noaa.gov/research/reviews/2010/posters/2-1-Georg.Grell.pdf]
[www.esrl.noaa.gov/research/reviews/2010/posters/2-2-Yuanfu.Xie.pdf]
[www.esrl.noaa.gov/research/reviews/2010/posters/2-3-Ming.Hu.pdf]
[www.esrl.noaa.gov/research/reviews/2010/posters/2-4-Jacques.Middlecoff.pdf]
[www.esrl.noaa.gov/research/reviews/2010/posters/2-5-Curtis.Alexander.pdf]
[www.esrl.noaa.gov/research/reviews/2010/posters/2-6-Dan.Birkenheuer.pdf]
[www.esrl.noaa.gov/research/reviews/2010/posters/2-7-Jin.Lee.pdf]
[www.esrl.noaa.gov/research/reviews/2010/posters/2-8-Craig.Tierney.pdf]
[www.esrl.noaa.gov/research/reviews/2010/posters/2-9-Steve.Peckham.tif]
[www.esrl.noaa.gov/research/reviews/2010/posters/2-10-Rainer.Bleck.pdf]
[www.esrl.noaa.gov/research/reviews/2010/posters/2-10-Rainer.Bleck.2.pdf]
[www.esrl.noaa.gov/research/reviews/2010/posters/2-11-Jeffrey.Whitaker.pdf]
[www.esrl.noaa.gov/research/reviews/2010/posters/2-12-JW.Bao.pdf]
[www.esrl.noaa.gov/research/reviews/2010/posters/3-1-Allen.White.pdf]
[www.esrl.noaa.gov/research/reviews/2010/posters/3-2-Robert.Zamora.pdf]
[www.esrl.noaa.gov/research/reviews/2010/posters/3-3-Allen.White.pdf]
[www.esrl.noaa.gov/research/reviews/2010/posters/3-4-Marty.Ralph.pdf]
[www.esrl.noaa.gov/research/reviews/2010/posters/3-5-Jim.Jordan.pdf]
[www.esrl.noaa.gov/research/reviews/2010/posters/3-6-Tim.Schneider.pdf]
[www.esrl.noaa.gov/research/reviews/2010/posters/3-7-James.Verdin.pdf]
[www.esrl.noaa.gov/research/reviews/2010/posters/3-8-Michael.Brewer.pdf]
[www.esrl.noaa.gov/research/reviews/2010/posters/3-9-Kristen.Averyt.pdf]
[www.esrl.noaa.gov/research/reviews/2010/posters/3-10-Joseph.Barsugli.pdf]
[www.esrl.noaa.gov/research/reviews/2010/posters/3-11-James.Wilczak.pdf]
[www.esrl.noaa.gov/research/reviews/2010/posters/3-12-Woody.Roberts.pdf]
[www.esrl.noaa.gov/research/reviews/2010/posters/psdTour_eischeid.pdf]
[www.esrl.noaa.gov/research/reviews/2010/posters/psdTour_hamill.pdf]
[www.esrl.noaa.gov/research/reviews/2010/posters/psdTour_hoerling.pdf]
[www.esrl.noaa.gov/research/reviews/2010/posters/psdTour_pegion.pdf]
[www.esrl.noaa.gov/research/reviews/2010/posters/psdTour_penland.pdf]
[www.esrl.noaa.gov/research/reviews/2010/posters/psdTour_perlwitz.pdf]
[www.esrl.noaa.gov/research/reviews/2010/posters/psdTour_quan.pdf]
[www.esrl.noaa.gov/research/reviews/2010/posters/psdTour_smith.pdf]
[www.esrl.noaa.gov/research/reviews/2010/posters/psdTour_solomon.pdf]
[www.esrl.noaa.gov/research/reviews/2010/posters/psdTour_webb.pdf]
[www.esrl.noaa.gov/research/reviews/2010/posters/psdTour_wolter.pdf]
[www.esrl.noaa.gov/research/reviews/2010/posters/psdTour_woodruff.pdf]
[www.esrl.noaa.gov/research/reviews/2010/posters/4-1-Jeff.Smith.pdf]
[www.esrl.noaa.gov/research/reviews/2010/posters/4-2-Joanne.Edwards.pdf]
[www.esrl.noaa.gov/research/reviews/2010/posters/4-3-Jebb. Stewart.pdf]
[www.esrl.noaa.gov/research/reviews/2010/posters/4-4-Greg.Pratt.pdf]
[www.esrl.noaa.gov/research/reviews/2010/posters/4-5-Andy.Loughe.pdf]
[www.esrl.noaa.gov/research/reviews/2010/posters/4-6-Tracy.Hansen.pdf]
[www.esrl.noaa.gov/research/reviews/2010/posters/4-7-Annie.Reiser.pdf]
[www.esrl.noaa.gov/research/reviews/2010/posters/4-8-Steve.Albers.pdf]
[www.esrl.noaa.gov/research/reviews/2010/posters/4-9-Linda.Wharton.pdf]
[www.esrl.noaa.gov/research/reviews/2010/posters/4-10-Ligia.Bernardet.pdf]
[www.esrl.noaa.gov/research/reviews/2010/posters/4-11-Paula.McCaslin.pdf]
[www.esrl.noaa.gov/research/reviews/2010/posters/4-12-Cox.pdf]
[www.esrl.noaa.gov/research/reviews/2010/posters/gsdTour_govett.pdf]
[www.esrl.noaa.gov/research/reviews/2010/posters/5a-1-Tracy.Smith.pdf]
[www.esrl.noaa.gov/research/reviews/2010/posters/5a-2-Ed.Tollerud.pdf]
[www.esrl.noaa.gov/research/reviews/2010/posters/5a-3-Nikki.Prive.pdf]
[www.esrl.noaa.gov/research/reviews/2010/posters/5a-4-Betsy.Weatherhead.pdf]
[www.esrl.noaa.gov/research/reviews/2010/posters/5a-5-Patty.Miller.pdf]
[www.esrl.noaa.gov/research/reviews/2010/posters/5a-6-Russ.Chadwick.pdf]
[www.esrl.noaa.gov/research/reviews/2010/posters/5b-1-Dan.Wolfe.pdf]
[www.esrl.noaa.gov/research/reviews/2010/posters/5b-2-Ludovic.Bariteau.pdf]
[www.esrl.noaa.gov/research/reviews/2010/posters/5b-3-Chris.Fairall.pdf]
[www.esrl.noaa.gov/research/reviews/2010/posters/5b-4-Lisa.Darby.pdf]
[www.esrl.noaa.gov/research/reviews/2010/posters/5b-5-Valery.Zavorotny.pdf]
[www.esrl.noaa.gov/research/reviews/2010/posters/5b-6-Sergey.Matrosov.pdf]
[www.esrl.noaa.gov/research/reviews/2010/documents/a_publications.pdf]
[www.esrl.noaa.gov/research/reviews/2010/documents/b_citations.pdf]
[www.esrl.noaa.gov/research/reviews/2010/documents/c_tech_transfer.pdf]
[www.esrl.noaa.gov/research/reviews/2010/documents/d_awards.pdf]
[www.esrl.noaa.gov/research/reviews/2010/documents/e_memberships.pdf]
[www.esrl.noaa.gov/research/reviews/2010/documents/f_service.pdf]
[www.esrl.noaa.gov/research/reviews/2010/documents/g_research_products.pdf]
[www.esrl.noaa.gov/research/reviews/2010/documents/h_collaborations.pdf]
[www.esrl.noaa.gov/research/reviews/2010/documents/i_patents_cradas.pdf]
[www.esrl.noaa.gov/research/reviews/2010/documents/j_other_recognition.pdf]
[www.esrl.noaa.gov/research/reviews/2010/documents/k_data_contributions.pdf]
[www.esrl.noaa.gov/research/reviews/2010/documents/review_panel.pdf]
[www.esrl.noaa.gov/research/reviews/2010/documents/supplemental.pdf]
[www.esrl.noaa.gov/research/reviews/2010/documents/acronyms.pdf]
[www.esrl.noaa.gov/research/reviews/2010/documents/FY09-14_NOAA_Strategic_Plan.pdf]
[www.esrl.noaa.gov/research/reviews/2010/documents/research_in_noaa_2008-2012.pdf]
[www.esrl.noaa.gov/research/reviews/2010/documents/noaa_20_year_vision.pdf]
[www.esrl.noaa.gov/research/reviews/2010/documents/OAR_strategic_plan_2005-2010.pdf]
[www.esrl.noaa.gov/csd/index.html]
[www.esrl.noaa.gov/gmd/index.html]
[www.esrl.noaa.gov/research/reviews/2008/ESRL_review_agenda.pdf]
[www.esrl.noaa.gov/research/reviews/2008/Final Summary esrl review_11-11-08.pdf]
[www.esrl.noaa.gov/research/reviews/2008/29754_ FINAL Earth System Research Laboratory.pdf]
[www.esrl.noaa.gov/research/reviews/2008/29Jan/Intro_MacDonald.pdf]
[www.esrl.noaa.gov/research/reviews/2008/29Jan/Intro_Ravi.pdf]
[www.esrl.noaa.gov/research/reviews/2008/29Jan/Intro_Butler.pdf]
[www.esrl.noaa.gov/research/reviews/2008/29Jan/1-Solomon_StartOzone.pdf]
[www.esrl.noaa.gov/research/reviews/2008/29Jan/2_Montzka.pdf]
[www.esrl.noaa.gov/research/reviews/2008/29Jan/3_Hofmann.pdf]
[www.esrl.noaa.gov/research/reviews/2008/29Jan/4-Fahey_StratOzone.pdf]
[www.esrl.noaa.gov/research/reviews/2008/29Jan/5_Burkholder.pdf]
[www.esrl.noaa.gov/research/reviews/2008/29Jan/6-Solomon_labrevOzoneLast.pdf]
[www.esrl.noaa.gov/research/reviews/2008/29Jan/1_Butler.pdf]
[www.esrl.noaa.gov/research/reviews/2008/29Jan/2_dlugokencky.pdf]
[www.esrl.noaa.gov/research/reviews/2008/29Jan/3_AAndrews.pdf]
[www.esrl.noaa.gov/research/reviews/2008/29Jan/4-jacobson_carbontracker.pdf]
[www.esrl.noaa.gov/research/reviews/2008/29Jan/5-Tans.pdf]
[www.esrl.noaa.gov/research/reviews/2008/30Jan/1-Fehsenfeld.pdf]
[www.esrl.noaa.gov/research/reviews/2008/30Jan/2-Ryerson.pdf]
[www.esrl.noaa.gov/research/reviews/2008/30Jan/4-Brown.pdf]
[www.esrl.noaa.gov/research/reviews/2008/30Jan/3-deGouw_AQ.pdf]
[www.esrl.noaa.gov/research/reviews/2008/30Jan/5_Hardesty.pdf]
[www.esrl.noaa.gov/research/reviews/2008/30Jan/6-Meagher.pdf]
[www.esrl.noaa.gov/research/reviews/2008/30Jan/1-Fahey.pdf]
[www.esrl.noaa.gov/research/reviews/2008/30Jan/2_Elkins.pdf]
[www.esrl.noaa.gov/research/reviews/2008/30Jan/3_Hurst.pdf]
[www.esrl.noaa.gov/research/reviews/2008/30Jan/4-Oltmans.pdf]
[www.esrl.noaa.gov/research/reviews/2008/30Jan/5-rosenlof.pdf]
[www.esrl.noaa.gov/research/reviews/2008/30Jan/6_Elkins.pdf]
[www.esrl.noaa.gov/research/reviews/2008/30Jan/1_Ogren.pdf]
[www.esrl.noaa.gov/research/reviews/2008/30Jan/2_Ogren.pdf]
[www.esrl.noaa.gov/research/reviews/2008/30Jan/3_Murphy.pdf]
[www.esrl.noaa.gov/research/reviews/2008/30Jan/4_feingold.pdf]
[www.esrl.noaa.gov/research/reviews/2008/30Jan/5_Andrews.pdf]
[www.esrl.noaa.gov/research/reviews/2008/30Jan/6_Lack.pdf]
[www.esrl.noaa.gov/research/reviews/2008/30Jan/7-Murphy.pdf]
[www.esrl.noaa.gov/research/reviews/2008/31Jan/1-Parrish.pdf]
[www.esrl.noaa.gov/research/reviews/2008/31Jan/2-Schnell.pdf]
[www.esrl.noaa.gov/research/reviews/2008/31Jan/3-Montzka.pdf]
[www.esrl.noaa.gov/research/reviews/2008/31Jan/5-deGouw.pdf]
[www.esrl.noaa.gov/research/reviews/2008/31Jan/4-Talukdar.pdf]
[www.esrl.noaa.gov/research/reviews/2008/31Jan/Solomon.pdf]
[www.esrl.noaa.gov/research/reviews/2008/31Jan/1-Ravi.pdf]
[www.esrl.noaa.gov/research/reviews/2008/31Jan/2-Butler.pdf]
[www.esrl.noaa.gov/research/reviews/2008/31Jan/3-MacDonald.pdf]
[www.esrl.noaa.gov/research/reviews/2008/materials/ESRL_Atmospheric_Chemistry_Pubs_Summary.pdf]
[www.esrl.noaa.gov/research/reviews/2008/materials/ESRL_atmospheric_chemistry_pubs_2004-2007.xls]
[www.esrl.noaa.gov/research/reviews/2008/materials/Hirsch_index_histogram.pdf]
[www.esrl.noaa.gov/research/reviews/2008/materials/hindex_analysis_top20.xls]
[www.esrl.noaa.gov/research/reviews/2008/materials/HirschIndex.pdf]
[www.esrl.noaa.gov/research/reviews/2008/materials/ESRL_atmos_chem_awards.pdf]
[www.esrl.noaa.gov/research/reviews/2008/materials/ESRL_atmos_chem_memberships.pdf]
[www.esrl.noaa.gov/research/reviews/2008/materials/ESRL_atmos_chem_leadership_roles.pdf]
[www.esrl.noaa.gov/research/reviews/2008/materials/ESRL_atmos_chem_SAPs.pdf]
[www.esrl.noaa.gov/research/reviews/2008/materials/GMD_Sampling_Locations.xls]
[www.esrl.noaa.gov/research/reviews/2008/materials/ESRL_atmos_chem_collaborations.pdf]
[www.esrl.noaa.gov/research/reviews/2008/materials/ESRL_atmos_chem_patents_and_industry.pdf]
[www.esrl.noaa.gov/research/reviews/2008/materials/ESRL_atmos_chem_calibrations_databases.pdf]
[www.esrl.noaa.gov/research/reviews/2008/materials/ESRL_review_agenda.pdf]
[www.esrl.noaa.gov/research/reviews/2008/materials/ESRLChargetoReviewers.pdf]
[www.esrl.noaa.gov/research/reviews/2008/materials/Topic_Summaries/Stratospheric_Ozone.pdf]
[www.esrl.noaa.gov/research/reviews/2008/materials/Topic_Summaries/Carbon_dioxide_Methane_and_Climate.pdf]
[www.esrl.noaa.gov/research/reviews/2008/materials/Topic_Summaries/Non_CO2_Climate_Gases.pdf]
[www.esrl.noaa.gov/research/reviews/2008/materials/Topic_Summaries/Regional_Air_Quality.pdf]
[www.esrl.noaa.gov/research/reviews/2008/materials/Topic_Summaries/Chem_Transfmtn_and_Long_Range_Trsnprt.pdf]
[www.esrl.noaa.gov/research/reviews/2008/materials/Topic_Summaries/Aerosols_and_Climate.pdf]
[www.esrl.noaa.gov/research/reviews/2008/materials/NOAA_Strategic_Plan_2006-2011.pdf]
[www.esrl.noaa.gov/research/reviews/2008/materials/OAR_Strategic_Plan_2005-2010.pdf]
[www.esrl.noaa.gov/gsd/js/jquery.min.js]
[www.esrl.noaa.gov/gsd/js/skel.min.js]
[www.esrl.noaa.gov/gsd/js/skel-panels.min.js]
[www.esrl.noaa.gov/gsd/js/init.js]
[www.esrl.noaa.gov/gsd/js/stellarnav.min.js]
[www.esrl.noaa.gov/gsd/css/stellarnav.min.css]
[www.esrl.noaa.gov/gsd/css/skel-noscript.css]
[www.esrl.noaa.gov/gsd/js/federated-analytics9903.js]
[www.esrl.noaa.gov/gsd/images/noaa_logo_reverse_long.png]
[www.esrl.noaa.gov/gsd/who/awards/index.html]
[www.esrl.noaa.gov/gsd/who/Charter-ESRL-Global-Systems-Division-10Aug2018-FINAL.pdf]
[www.esrl.noaa.gov/gsd/who/contact.html]
[www.esrl.noaa.gov/gsd/who/challenges.html]
[www.esrl.noaa.gov/gsd/who/history.html]
[www.esrl.noaa.gov/gsd/atb/index.html]
[www.esrl.noaa.gov/gsd/adb/index.html]
[www.esrl.noaa.gov/gsd/eds/index.html]
[www.esrl.noaa.gov/gsd/mdb/index.html]
[www.esrl.noaa.gov/gsd/its/index.html]
[www.esrl.noaa.gov/gsd/renewable/index.html]
[www.esrl.noaa.gov/gsd/publications/index.html]
[www.esrl.noaa.gov/fiqas/tech/event/index.html]
[www.esrl.noaa.gov/fiqas/tech/impact/insite/index.html]
[www.esrl.noaa.gov/gsd/learn/handouts/index.html]
[www.esrl.noaa.gov/gsd/learn/hotitems/index.html]
[www.esrl.noaa.gov/gsd/learn/video.html]
[www.esrl.noaa.gov/gsd/who/organization.html]
[www.esrl.noaa.gov/gsd/staff/index.html]
[www.esrl.noaa.gov/gsd/learn/hotitems/2020/images/flood_rainfall_experiment.jpg]
[www.esrl.noaa.gov/gsd/images/doc-logo-50.png]
[www.esrl.noaa.gov/gsd/images/noaa-50.png]
[www.esrl.noaa.gov/gsd/images/facebook.png]
[www.esrl.noaa.gov/gsd/images/twitter.png]
[www.esrl.noaa.gov/gsd/images/youtube.png]
[www.esrl.noaa.gov/gsd/images/flickr.png]
[www.esrl.noaa.gov/gsd/accessibility.html]
[www.esrl.noaa.gov/news/2020/img/esrl-new-names.png]
[www.esrl.noaa.gov/gsd/learn/hotitems/2020/images/john_brown_matt_kelsch.jpg]
[www.esrl.noaa.gov/gsd/learn/hotitems/2020/images/heritage_noaa.png]
[www.esrl.noaa.gov/psd/news/2019/111319.html]
[www.esrl.noaa.gov/gmd/news/colabs2019.html]
[www.esrl.noaa.gov/gsd/learn/hotitems/2019/images/jenn_mahoney_snowy_flatirons_orig.jpg]
[www.esrl.noaa.gov/gsd/learn/hotitems/2019/images/sos_on_tablet.jpg]
[research.noaa.gov/Portals/0/EasyGalleryImages/1/617/sosx-phytoplankton.png]
[research.noaa.gov/Portals/0/EasyDNNNews/thumbs/2475/1570sosx-phytoplankton.png]
[www.esrl.noaa.gov/psd/news/2019/070819.html]
[www.esrl.noaa.gov/csd/news/2019/261_0702.html]
[www.esrl.noaa.gov/gsd/learn/hotitems/2019/images/lake_effect_snow.jpg]
[www.esrl.noaa.gov/research/uswrp/index.html]
[www.esrl.noaa.gov/gsd/learn/hotitems/2019/images/fvcom_figure1.jpeg]
[www.esrl.noaa.gov/gsd/learn/hotitems/2019/images/fvcom_figure2.png]
[www.esrl.noaa.gov/gsd/learn/hotitems/2019/images/buffalo_snow_2014.png]
[www.esrl.noaa.gov/gsd/research/review/2015/docs/GSD-Science-Review-Response-FINAL-APPROVED-8-11-17.pdf]
[www.esrl.noaa.gov/gsd/research/review/2015/pdficon_small.png]
[www.esrl.noaa.gov/gsd/research/review/2015/docs/Success-Metrics-Interim-Report-7-25-17.pdf]
[www.esrl.noaa.gov/gsd/research/review/2015/docs/GSD-Impacts-2017-FINAL-7-11-17.pdf]
[www.esrl.noaa.gov/gsd/research/review/2015/GSD-Science-Review-Response-June-13-2016-FINAL.pdf]
[www.esrl.noaa.gov/gsd/research/review/2015/docs/GSD Summary Report_final_18Mar2016.pdf]
[www.esrl.noaa.gov/gsd/research/review/2015/research.html]
[www.esrl.noaa.gov/gsd/research/review/2015/docs/GSD-Charge-to-Reviewers-2015-FINAL.pdf]
[www.esrl.noaa.gov/gsd/research/review/2015/docs/GSD Review Panel Guide_September 2015.doc]
[www.esrl.noaa.gov/gsd/research/review/2015/docs/GSD Review Evaluation Worksheets.doc]
[www.esrl.noaa.gov/gsd/research/review/2015/GSD Strategic Plan FY2016.v6.pdf]
[www.esrl.noaa.gov/research/review/2010]
[www.esrl.noaa.gov/gsd/research/review/2015/banner_files/slides/hurr-sandy325.jpg]
[www.esrl.noaa.gov/gsd/research/review/2015/document/overview.html]
[www.esrl.noaa.gov/gsd/research/review/2015/agenda.html]
[www.esrl.noaa.gov/gsd/research/review/2015/indicators.html]
[www.esrl.noaa.gov/gsd/research/review/2015/Reviewer-Bios.pdf]
[www.esrl.noaa.gov/gsd/research/review/2015/docs.html]
[www.esrl.noaa.gov/gsd/who/themes/index.html]
[www.esrl.noaa.gov/gsd/research/review/2015/GSD-Science-Review-In-Pictures.pdf]
[www.esrl.noaa.gov/gsd/research/review/2015/images.html]
[www.esrl.noaa.gov/gsd/research/review/2015/img/coverlogo_sm.png]
[www.esrl.noaa.gov/gsd/css/img-slider2.css]
[www.esrl.noaa.gov/gsd/js/img-slider.js]
[www.esrl.noaa.gov/gsd/learn/hotitems/2020/jeff_beck_receives_CIRA_exceptional_service_award.html]
[www.esrl.noaa.gov/gsd/images/slideshow/jeff_beck_slideshow.png]
[www.esrl.noaa.gov/gsd/images/slideshow/flash_flood_and_intense_rainfall_experiment.jpg]
[www.esrl.noaa.gov/gsd/learn/hotitems/2020/hazard_services_functional_forecaster_assessment_test.html]
[www.esrl.noaa.gov/gsd/images/slideshow/hazard_services_functional_forecaster_assessment_test.jpg]
[www.esrl.noaa.gov/gsd/learn/hotitems/2020/noaa-bronze-medal-jeff-VanBuskirk.html]
[www.esrl.noaa.gov/gsd/images/slideshow/2020_nooa_bronze_medal-jeff vanbuskirk.jpg]
[www.esrl.noaa.gov/gsd/industry-economy.html]
[www.esrl.noaa.gov/gsd/images/homepage/industry-economy.jpg]
[www.esrl.noaa.gov/gsd/public-safety.html]
[www.esrl.noaa.gov/gsd/images/homepage/snowy-road.jpg]
[www.esrl.noaa.gov/gsd/hpc.html]
[www.esrl.noaa.gov/gsd/images/homepage/hpc.jpg]
[www.esrl.noaa.gov/gsd/giving-back.html]
[www.esrl.noaa.gov/gsd/images/homepage/SOSx-vincent.jpg]
[www.esrl.noaa.gov/gsd/learn/stories/index.html]
[www.esrl.noaa.gov/gsd/images/homepage/impact.jpg]
[www.esrl.noaa.gov/gsd/education/index.html]
